ERC report (2026-06-08T15:37:53, Encoding UTF8)
Report includes: Errors, Warnings

***** Sheet /
[lib_symbol_mismatch]: Symbol '+3V3' doesn't match copy in library 'power'
    ; warning
    @(76.20 mm, 128.27 mm): Symbol #PWR019 [+3V3]
[lib_symbol_mismatch]: Symbol 'GND' doesn't match copy in library 'power'
    ; warning
    @(76.20 mm, 138.43 mm): Symbol #PWR020 [GND]
[lib_symbol_mismatch]: Symbol '+3V3' doesn't match copy in library 'power'
    ; warning
    @(76.20 mm, 148.59 mm): Symbol #PWR021 [+3V3]
[lib_symbol_mismatch]: Symbol 'GND' doesn't match copy in library 'power'
    ; warning
    @(76.20 mm, 158.75 mm): Symbol #PWR022 [GND]
[lib_symbol_mismatch]: Symbol 'GND' doesn't match copy in library 'power'
    ; warning
    @(76.20 mm, 163.83 mm): Symbol #PWR023 [GND]
[lib_symbol_mismatch]: Symbol 'GND' doesn't match copy in library 'power'
    ; warning
    @(76.20 mm, 168.91 mm): Symbol #PWR024 [GND]
[lib_symbol_mismatch]: Symbol '+5V' doesn't match copy in library 'power'
    ; warning
    @(106.68 mm, 128.27 mm): Symbol #PWR025 [+5V]
[lib_symbol_mismatch]: Symbol '+5V' doesn't match copy in library 'power'
    ; warning
    @(106.68 mm, 130.81 mm): Symbol #PWR026 [+5V]
[lib_symbol_mismatch]: Symbol 'GND' doesn't match copy in library 'power'
    ; warning
    @(106.68 mm, 133.35 mm): Symbol #PWR027 [GND]
[lib_symbol_mismatch]: Symbol 'GND' doesn't match copy in library 'power'
    ; warning
    @(106.68 mm, 143.51 mm): Symbol #PWR028 [GND]
[lib_symbol_mismatch]: Symbol 'GND' doesn't match copy in library 'power'
    ; warning
    @(106.68 mm, 151.13 mm): Symbol #PWR029 [GND]
[lib_symbol_mismatch]: Symbol 'GND' doesn't match copy in library 'power'
    ; warning
    @(106.68 mm, 173.99 mm): Symbol #PWR030 [GND]
[lib_symbol_mismatch]: Symbol '+3V3' doesn't match copy in library 'power'
    ; warning
    @(152.40 mm, 264.16 mm): Symbol #PWR017 [+3V3]
[lib_symbol_mismatch]: Symbol 'R' doesn't match copy in library 'Custom'
    ; warning
    @(157.48 mm, 228.60 mm): Symbol R3 [R]
[lib_symbol_mismatch]: Symbol 'R' doesn't match copy in library 'Custom'
    ; warning
    @(157.48 mm, 264.16 mm): Symbol R4 [R]
[lib_symbol_mismatch]: Symbol 'LED' doesn't match copy in library 'Custom'
    ; warning
    @(193.04 mm, 228.60 mm): Symbol LED1 [LED]
[lib_symbol_mismatch]: Symbol 'NTC' doesn't match copy in library 'Custom'
    ; warning
    @(193.04 mm, 264.16 mm): Symbol NTC1 [NTC]
[lib_symbol_mismatch]: Symbol '+5V' doesn't match copy in library 'power'
    ; warning
    @(195.58 mm, 68.58 mm): Symbol #PWR001 [+5V]
[lib_symbol_mismatch]: Symbol 'GND' doesn't match copy in library 'power'
    ; warning
    @(195.58 mm, 71.12 mm): Symbol #PWR002 [GND]
[lib_symbol_mismatch]: Symbol 'GND' doesn't match copy in library 'power'
    ; warning
    @(198.12 mm, 228.60 mm): Symbol #PWR016 [GND]
[lib_symbol_mismatch]: Symbol 'GND' doesn't match copy in library 'power'
    ; warning
    @(198.12 mm, 264.16 mm): Symbol #PWR018 [GND]
[lib_symbol_mismatch]: Symbol '+12V' doesn't match copy in library 'power'
    ; warning
    @(210.82 mm, 68.58 mm): Symbol #PWR003 [+12V]
[lib_symbol_mismatch]: Symbol '+3V3' doesn't match copy in library 'power'
    ; warning
    @(274.32 mm, 81.28 mm): Symbol #PWR006 [+3V3]
[lib_symbol_mismatch]: Symbol '+3V3' doesn't match copy in library 'power'
    ; warning
    @(274.32 mm, 111.76 mm): Symbol #PWR009 [+3V3]
[lib_symbol_mismatch]: Symbol '+3V3' doesn't match copy in library 'power'
    ; warning
    @(274.32 mm, 142.24 mm): Symbol #PWR012 [+3V3]
[lib_symbol_mismatch]: Symbol '+3V3' doesn't match copy in library 'power'
    ; warning
    @(274.32 mm, 172.72 mm): Symbol #PWR015 [+3V3]
[lib_symbol_mismatch]: Symbol 'R' doesn't match copy in library 'Custom'
    ; warning
    @(279.40 mm, 81.28 mm): Symbol R5 [R]
[lib_symbol_mismatch]: Symbol 'R' doesn't match copy in library 'Custom'
    ; warning
    @(279.40 mm, 111.76 mm): Symbol R6 [R]
[lib_symbol_mismatch]: Symbol 'R' doesn't match copy in library 'Custom'
    ; warning
    @(279.40 mm, 142.24 mm): Symbol R7 [R]
[lib_symbol_mismatch]: Symbol 'R' doesn't match copy in library 'Custom'
    ; warning
    @(279.40 mm, 172.72 mm): Symbol R8 [R]
[lib_symbol_mismatch]: Symbol 'GND' doesn't match copy in library 'power'
    ; warning
    @(322.58 mm, 76.20 mm): Symbol #PWR004 [GND]
[lib_symbol_mismatch]: Symbol '+12V' doesn't match copy in library 'power'
    ; warning
    @(322.58 mm, 78.74 mm): Symbol #PWR005 [+12V]
[lib_symbol_mismatch]: Symbol 'GND' doesn't match copy in library 'power'
    ; warning
    @(322.58 mm, 106.68 mm): Symbol #PWR007 [GND]
[lib_symbol_mismatch]: Symbol '+12V' doesn't match copy in library 'power'
    ; warning
    @(322.58 mm, 109.22 mm): Symbol #PWR008 [+12V]
[lib_symbol_mismatch]: Symbol 'GND' doesn't match copy in library 'power'
    ; warning
    @(322.58 mm, 137.16 mm): Symbol #PWR010 [GND]
[lib_symbol_mismatch]: Symbol '+12V' doesn't match copy in library 'power'
    ; warning
    @(322.58 mm, 139.70 mm): Symbol #PWR011 [+12V]
[lib_symbol_mismatch]: Symbol 'GND' doesn't match copy in library 'power'
    ; warning
    @(322.58 mm, 167.64 mm): Symbol #PWR013 [GND]
[lib_symbol_mismatch]: Symbol '+12V' doesn't match copy in library 'power'
    ; warning
    @(322.58 mm, 170.18 mm): Symbol #PWR014 [+12V]
[lib_symbol_mismatch]: Symbol 'Fan_Header' doesn't match copy in library 'Custom'
    ; warning
    @(330.20 mm, 81.28 mm): Symbol J2 [Fan_Header]
[lib_symbol_mismatch]: Symbol 'Fan_Header' doesn't match copy in library 'Custom'
    ; warning
    @(330.20 mm, 111.76 mm): Symbol J3 [Fan_Header]
[lib_symbol_mismatch]: Symbol 'Fan_Header' doesn't match copy in library 'Custom'
    ; warning
    @(330.20 mm, 142.24 mm): Symbol J4 [Fan_Header]
[lib_symbol_mismatch]: Symbol 'Fan_Header' doesn't match copy in library 'Custom'
    ; warning
    @(330.20 mm, 172.72 mm): Symbol J5 [Fan_Header]

 ** ERC messages: 42  Errors 0  Warnings 42

 ** Ignored checks:
    - Global label only appears once in the schematic
    - Four connection points are joined together
    - SPICE model issue
    - Assigned footprint doesn't match footprint filters
